============================================================
  Generated by:           Genus(TM) Synthesis Solution 22.17-s071_1
  Generated on:           Jun 01 2026  01:13:00 pm
  Module:                 Cubic_Solver
  Technology libraries:   slow_1v0 
                          pll 0.0
                          CDK_S128x16 0.0
                          CDK_S256x16 0.0
                          CDK_R512x16 0.0
                          physical_cells 
                          slow_1v0 
                          pll 0.0
                          CDK_S128x16 0.0
                          CDK_S256x16 0.0
                          CDK_R512x16 0.0
                          physical_cells 
  Operating conditions:   slow 
  Interconnect mode:      global
  Area mode:              physical library
============================================================

Timing
--------

Clock  Period 
--------------
clk   10000.0 


  Cost    Critical         Violating 
 Group   Path Slack  TNS     Paths   
-------------------------------------
clk          3568.7   0.0          0 
default    No paths   0.0            
-------------------------------------
Total                 0.0          0 

Instance Count
--------------
Leaf Instance Count             6601 
Physical Instance count            0 
Sequential Instance Count       1282 
Combinational Instance Count    5319 
Hierarchical Instance Count        3 

Area
----
Cell Area                          17521.002
Physical Cell Area                 0.000
Total Cell Area (Cell+Physical)    17521.002
Net Area                           9425.527
Total Area (Cell+Physical+Net)     26946.529

Runtime                            0.0 seconds
Elapsed Runtime                    411 seconds
Genus peak memory usage            1727.75 
Innovus peak memory usage          no_value 
Hostname                           vlsiktmt.tailff29c4.ts.net
